=== feature refresh finished at 22:21:06 ===
real.parquet: 2356 rows / 1560 usable
label
blend       405
eclipse     398
transit     385
variable    372
has log_oot_var_to_depth: False

=== build_production_set ===
Traceback (most recent call last):
  File "/Users/sameetvipat/Developer/sih2026/scripts/build_production_set.py", line 71, in <module>
    main()
  File "/Users/sameetvipat/Developer/sih2026/scripts/build_production_set.py", line 52, in main
    train = pd.concat([inj[keep], real_tr[keep]], ignore_index=True)
                                  ~~~~~~~^^^^^^
  File "/Users/sameetvipat/Developer/sih2026/.venv/lib/python3.12/site-packages/pandas/core/frame.py", line 4384, in __getitem__
    indexer = self.columns._get_indexer_strict(key, "columns")[1]
              ^^^^^^^^^^^^^^^^^^^^^^^^^^^^^^^^^^^^^^^^^^^^^^^^
  File "/Users/sameetvipat/Developer/sih2026/.venv/lib/python3.12/site-packages/pandas/core/indexes/base.py", line 6302, in _get_indexer_strict
    self._raise_if_missing(keyarr, indexer, axis_name)
  File "/Users/sameetvipat/Developer/sih2026/.venv/lib/python3.12/site-packages/pandas/core/indexes/base.py", line 6355, in _raise_if_missing
    raise KeyError(f"{not_found} not in index")
KeyError: "['log_oot_var_to_depth'] not in index"
